00: Something went wrong
01: Invalid launch argument count
02: Memory allocation error
03: Invalid launch argument
04: Invalid file argument
05: Memory set too low





11: Couldn't open file
12: Couldn't close file
13: Failed to read texture






20: Invalid map
21: Invalid argument
22: Invalid data
23: Invalid .cub (duplicate definitions)
24: Invalid .cub (improper definitions)
25: Invalid .cub (duplicate start points)
26: Invalid .cub (play area isn't enclosed properly)
27: Invalid .cub (no start point)
